||saveu5-normal-hl.zijieapi.com^
||imapi5-oth-lf.zijieapi.com^
||webcast5-open-hl.douyin.com^
||bsync3-normal-hl.zijieapi.com^
||abtest3-misc-hl.zijieapi.com^
||api-e189.21cn.com^
||v3-novelapp.fqnovelvod.com^
||tosv.byted.org^
||pull-flv-cny01-spe-l11.douyinliving.com^
||lf3-reading.fqnovelpic.com^
||p9-webcast-sign.douyinpic.com^
||p8-webcast-sign.douyinpic.com^
||p7-webcast-sign.douyinpic.com^
||p6-webcast-sign.douyinpic.com^
||p5-webcast-sign.douyinpic.com^
||p4-webcast-sign.douyinpic.com^
||p3-webcast-sign.douyinpic.com^
||p2-webcast-sign.douyinpic.com^
||p1-webcast-sign.douyinpic.com^
||polaris5-normal-hl.zijieapi.com^
||smarthome-drcn.dbankcdn.com^
||polaris5-normal-lq.zijieapi.com^
||gecko5-lq.zijieapi.com^
||vegslb.com^
||effect.snssdk.com^
||ichannel.snssdk.com^
||bytedance.com^
||byteeffecttos.com^
||bsync3-normal.zijieapi.com^
||ksyungslb.com^
||saxysec.com^
||pstatp.com^
||zlink.toutiao.com^
||ecombdapi.com^
||ecombdimg.com^
||ecombdstatic.com^
||whoami.akamai.net^
||mssdk3-normal-hl.zijieapi.com^
||api.novelfm.com^
||fqnovelstatic.com^
||mmgame.qpic.cn^
||fqnovel.com^
||www.bytedance.com^
||ttwebview.com^
||bytedanceapi.com^
||aweme.snssdk.com^
||uril6.com^
||bytegecko.com^
||yuanbaobaoxian.com^
||pangolin-sdk-toutiao.com^
||pangolin-sdk-toutiao-b.com^
||ads5-normal-lf.zijieapi.com^
||frontier-toutiao.snssdk.com^
||pglstatp-toutiao.com^ ​​‌‍‌‍​‌‌​​‌‍​‌‍‌​‌​‌​‍​​‌‍‍​‌‍‌​‌​‍‌‌‌​​‌‌‌‌‍​‌‍​‍​‍​‍‌‌‌‍‍‍​‌